src/components/ui/AnimatedBackground.tsx(35,42): error TS18047: 'canvas' is possibly 'null'.
src/components/ui/AnimatedBackground.tsx(36,42): error TS18047: 'canvas' is possibly 'null'.
src/components/ui/AnimatedBackground.tsx(61,52): error TS18047: 'canvas' is possibly 'null'.
src/components/ui/AnimatedBackground.tsx(62,52): error TS18047: 'canvas' is possibly 'null'.
src/components/ui/AnimatedBackground.tsx(66,53): error TS18047: 'canvas' is possibly 'null'.
src/components/ui/AnimatedBackground.tsx(67,30): error TS18047: 'canvas' is possibly 'null'.
src/components/ui/AnimatedBackground.tsx(68,53): error TS18047: 'canvas' is possibly 'null'.
src/components/ui/AnimatedBackground.tsx(69,30): error TS18047: 'canvas' is possibly 'null'.
